
no rows selected


View created.


View created.


View altered.


View altered.


OWNER                          CONSTRAINT_NAME                C                 
------------------------------ ------------------------------ -                 
TABLE_NAME                                                                      
------------------------------                                                  
SEARCH_CONDITION                                                                
--------------------------------------------------------------------------------
R_OWNER                        R_CONSTRAINT_NAME              DELETE_RU STATUS  
------------------------------ ------------------------------ --------- --------
DEFERRABLE     DEFERRED  VALIDATED     GENERATED      BAD RELY LAST_CHAN        
-------------- --------- ------------- -------------- --- ---- ---------        
INDEX_OWNER                    INDEX_NAME                     INVALID           
------------------------------ ------------------------------ -------           
VIEW_RELATED                                                                    
--------------                                                                  
SCOTT                          V_EMP_PK                       P                 

OWNER                          CONSTRAINT_NAME                C                 
------------------------------ ------------------------------ -                 
TABLE_NAME                                                                      
------------------------------                                                  
SEARCH_CONDITION                                                                
--------------------------------------------------------------------------------
R_OWNER                        R_CONSTRAINT_NAME              DELETE_RU STATUS  
------------------------------ ------------------------------ --------- --------
DEFERRABLE     DEFERRED  VALIDATED     GENERATED      BAD RELY LAST_CHAN        
-------------- --------- ------------- -------------- --- ---- ---------        
INDEX_OWNER                    INDEX_NAME                     INVALID           
------------------------------ ------------------------------ -------           
VIEW_RELATED                                                                    
--------------                                                                  
V_EMP                                                                           

OWNER                          CONSTRAINT_NAME                C                 
------------------------------ ------------------------------ -                 
TABLE_NAME                                                                      
------------------------------                                                  
SEARCH_CONDITION                                                                
--------------------------------------------------------------------------------
R_OWNER                        R_CONSTRAINT_NAME              DELETE_RU STATUS  
------------------------------ ------------------------------ --------- --------
DEFERRABLE     DEFERRED  VALIDATED     GENERATED      BAD RELY LAST_CHAN        
-------------- --------- ------------- -------------- --- ---- ---------        
INDEX_OWNER                    INDEX_NAME                     INVALID           
------------------------------ ------------------------------ -------           
VIEW_RELATED                                                                    
--------------                                                                  
                                                                                

OWNER                          CONSTRAINT_NAME                C                 
------------------------------ ------------------------------ -                 
TABLE_NAME                                                                      
------------------------------                                                  
SEARCH_CONDITION                                                                
--------------------------------------------------------------------------------
R_OWNER                        R_CONSTRAINT_NAME              DELETE_RU STATUS  
------------------------------ ------------------------------ --------- --------
DEFERRABLE     DEFERRED  VALIDATED     GENERATED      BAD RELY LAST_CHAN        
-------------- --------- ------------- -------------- --- ---- ---------        
INDEX_OWNER                    INDEX_NAME                     INVALID           
------------------------------ ------------------------------ -------           
VIEW_RELATED                                                                    
--------------                                                                  
                                                                        DISABLED

OWNER                          CONSTRAINT_NAME                C                 
------------------------------ ------------------------------ -                 
TABLE_NAME                                                                      
------------------------------                                                  
SEARCH_CONDITION                                                                
--------------------------------------------------------------------------------
R_OWNER                        R_CONSTRAINT_NAME              DELETE_RU STATUS  
------------------------------ ------------------------------ --------- --------
DEFERRABLE     DEFERRED  VALIDATED     GENERATED      BAD RELY LAST_CHAN        
-------------- --------- ------------- -------------- --- ---- ---------        
INDEX_OWNER                    INDEX_NAME                     INVALID           
------------------------------ ------------------------------ -------           
VIEW_RELATED                                                                    
--------------                                                                  
NOT DEFERRABLE IMMEDIATE NOT VALIDATED USER NAME          RELY 30-SEP-11        

OWNER                          CONSTRAINT_NAME                C                 
------------------------------ ------------------------------ -                 
TABLE_NAME                                                                      
------------------------------                                                  
SEARCH_CONDITION                                                                
--------------------------------------------------------------------------------
R_OWNER                        R_CONSTRAINT_NAME              DELETE_RU STATUS  
------------------------------ ------------------------------ --------- --------
DEFERRABLE     DEFERRED  VALIDATED     GENERATED      BAD RELY LAST_CHAN        
-------------- --------- ------------- -------------- --- ---- ---------        
INDEX_OWNER                    INDEX_NAME                     INVALID           
------------------------------ ------------------------------ -------           
VIEW_RELATED                                                                    
--------------                                                                  
                                                                                

OWNER                          CONSTRAINT_NAME                C                 
------------------------------ ------------------------------ -                 
TABLE_NAME                                                                      
------------------------------                                                  
SEARCH_CONDITION                                                                
--------------------------------------------------------------------------------
R_OWNER                        R_CONSTRAINT_NAME              DELETE_RU STATUS  
------------------------------ ------------------------------ --------- --------
DEFERRABLE     DEFERRED  VALIDATED     GENERATED      BAD RELY LAST_CHAN        
-------------- --------- ------------- -------------- --- ---- ---------        
INDEX_OWNER                    INDEX_NAME                     INVALID           
------------------------------ ------------------------------ -------           
VIEW_RELATED                                                                    
--------------                                                                  
DEPEND ON VIEW                                                                  

OWNER                          CONSTRAINT_NAME                C                 
------------------------------ ------------------------------ -                 
TABLE_NAME                                                                      
------------------------------                                                  
SEARCH_CONDITION                                                                
--------------------------------------------------------------------------------
R_OWNER                        R_CONSTRAINT_NAME              DELETE_RU STATUS  
------------------------------ ------------------------------ --------- --------
DEFERRABLE     DEFERRED  VALIDATED     GENERATED      BAD RELY LAST_CHAN        
-------------- --------- ------------- -------------- --- ---- ---------        
INDEX_OWNER                    INDEX_NAME                     INVALID           
------------------------------ ------------------------------ -------           
VIEW_RELATED                                                                    
--------------                                                                  
                                                                                

OWNER                          CONSTRAINT_NAME                C                 
------------------------------ ------------------------------ -                 
TABLE_NAME                                                                      
------------------------------                                                  
SEARCH_CONDITION                                                                
--------------------------------------------------------------------------------
R_OWNER                        R_CONSTRAINT_NAME              DELETE_RU STATUS  
------------------------------ ------------------------------ --------- --------
DEFERRABLE     DEFERRED  VALIDATED     GENERATED      BAD RELY LAST_CHAN        
-------------- --------- ------------- -------------- --- ---- ---------        
INDEX_OWNER                    INDEX_NAME                     INVALID           
------------------------------ ------------------------------ -------           
VIEW_RELATED                                                                    
--------------                                                                  
SCOTT                          V_EMP_FK1                      R                 

OWNER                          CONSTRAINT_NAME                C                 
------------------------------ ------------------------------ -                 
TABLE_NAME                                                                      
------------------------------                                                  
SEARCH_CONDITION                                                                
--------------------------------------------------------------------------------
R_OWNER                        R_CONSTRAINT_NAME              DELETE_RU STATUS  
------------------------------ ------------------------------ --------- --------
DEFERRABLE     DEFERRED  VALIDATED     GENERATED      BAD RELY LAST_CHAN        
-------------- --------- ------------- -------------- --- ---- ---------        
INDEX_OWNER                    INDEX_NAME                     INVALID           
------------------------------ ------------------------------ -------           
VIEW_RELATED                                                                    
--------------                                                                  
V_EMP                                                                           

OWNER                          CONSTRAINT_NAME                C                 
------------------------------ ------------------------------ -                 
TABLE_NAME                                                                      
------------------------------                                                  
SEARCH_CONDITION                                                                
--------------------------------------------------------------------------------
R_OWNER                        R_CONSTRAINT_NAME              DELETE_RU STATUS  
------------------------------ ------------------------------ --------- --------
DEFERRABLE     DEFERRED  VALIDATED     GENERATED      BAD RELY LAST_CHAN        
-------------- --------- ------------- -------------- --- ---- ---------        
INDEX_OWNER                    INDEX_NAME                     INVALID           
------------------------------ ------------------------------ -------           
VIEW_RELATED                                                                    
--------------                                                                  
                                                                                

OWNER                          CONSTRAINT_NAME                C                 
------------------------------ ------------------------------ -                 
TABLE_NAME                                                                      
------------------------------                                                  
SEARCH_CONDITION                                                                
--------------------------------------------------------------------------------
R_OWNER                        R_CONSTRAINT_NAME              DELETE_RU STATUS  
------------------------------ ------------------------------ --------- --------
DEFERRABLE     DEFERRED  VALIDATED     GENERATED      BAD RELY LAST_CHAN        
-------------- --------- ------------- -------------- --- ---- ---------        
INDEX_OWNER                    INDEX_NAME                     INVALID           
------------------------------ ------------------------------ -------           
VIEW_RELATED                                                                    
--------------                                                                  
SCOTT                          PK_DEPT                        NO ACTION DISABLED

OWNER                          CONSTRAINT_NAME                C                 
------------------------------ ------------------------------ -                 
TABLE_NAME                                                                      
------------------------------                                                  
SEARCH_CONDITION                                                                
--------------------------------------------------------------------------------
R_OWNER                        R_CONSTRAINT_NAME              DELETE_RU STATUS  
------------------------------ ------------------------------ --------- --------
DEFERRABLE     DEFERRED  VALIDATED     GENERATED      BAD RELY LAST_CHAN        
-------------- --------- ------------- -------------- --- ---- ---------        
INDEX_OWNER                    INDEX_NAME                     INVALID           
------------------------------ ------------------------------ -------           
VIEW_RELATED                                                                    
--------------                                                                  
NOT DEFERRABLE IMMEDIATE NOT VALIDATED USER NAME          RELY 30-SEP-11        

OWNER                          CONSTRAINT_NAME                C                 
------------------------------ ------------------------------ -                 
TABLE_NAME                                                                      
------------------------------                                                  
SEARCH_CONDITION                                                                
--------------------------------------------------------------------------------
R_OWNER                        R_CONSTRAINT_NAME              DELETE_RU STATUS  
------------------------------ ------------------------------ --------- --------
DEFERRABLE     DEFERRED  VALIDATED     GENERATED      BAD RELY LAST_CHAN        
-------------- --------- ------------- -------------- --- ---- ---------        
INDEX_OWNER                    INDEX_NAME                     INVALID           
------------------------------ ------------------------------ -------           
VIEW_RELATED                                                                    
--------------                                                                  
                                                                                

OWNER                          CONSTRAINT_NAME                C                 
------------------------------ ------------------------------ -                 
TABLE_NAME                                                                      
------------------------------                                                  
SEARCH_CONDITION                                                                
--------------------------------------------------------------------------------
R_OWNER                        R_CONSTRAINT_NAME              DELETE_RU STATUS  
------------------------------ ------------------------------ --------- --------
DEFERRABLE     DEFERRED  VALIDATED     GENERATED      BAD RELY LAST_CHAN        
-------------- --------- ------------- -------------- --- ---- ---------        
INDEX_OWNER                    INDEX_NAME                     INVALID           
------------------------------ ------------------------------ -------           
VIEW_RELATED                                                                    
--------------                                                                  
DEPEND ON VIEW                                                                  

OWNER                          CONSTRAINT_NAME                C                 
------------------------------ ------------------------------ -                 
TABLE_NAME                                                                      
------------------------------                                                  
SEARCH_CONDITION                                                                
--------------------------------------------------------------------------------
R_OWNER                        R_CONSTRAINT_NAME              DELETE_RU STATUS  
------------------------------ ------------------------------ --------- --------
DEFERRABLE     DEFERRED  VALIDATED     GENERATED      BAD RELY LAST_CHAN        
-------------- --------- ------------- -------------- --- ---- ---------        
INDEX_OWNER                    INDEX_NAME                     INVALID           
------------------------------ ------------------------------ -------           
VIEW_RELATED                                                                    
--------------                                                                  
                                                                                

OWNER                          CONSTRAINT_NAME                C                 
------------------------------ ------------------------------ -                 
TABLE_NAME                                                                      
------------------------------                                                  
SEARCH_CONDITION                                                                
--------------------------------------------------------------------------------
R_OWNER                        R_CONSTRAINT_NAME              DELETE_RU STATUS  
------------------------------ ------------------------------ --------- --------
DEFERRABLE     DEFERRED  VALIDATED     GENERATED      BAD RELY LAST_CHAN        
-------------- --------- ------------- -------------- --- ---- ---------        
INDEX_OWNER                    INDEX_NAME                     INVALID           
------------------------------ ------------------------------ -------           
VIEW_RELATED                                                                    
--------------                                                                  
SCOTT                          V_EMP_RO                       O                 

OWNER                          CONSTRAINT_NAME                C                 
------------------------------ ------------------------------ -                 
TABLE_NAME                                                                      
------------------------------                                                  
SEARCH_CONDITION                                                                
--------------------------------------------------------------------------------
R_OWNER                        R_CONSTRAINT_NAME              DELETE_RU STATUS  
------------------------------ ------------------------------ --------- --------
DEFERRABLE     DEFERRED  VALIDATED     GENERATED      BAD RELY LAST_CHAN        
-------------- --------- ------------- -------------- --- ---- ---------        
INDEX_OWNER                    INDEX_NAME                     INVALID           
------------------------------ ------------------------------ -------           
VIEW_RELATED                                                                    
--------------                                                                  
V_EMP                                                                           

OWNER                          CONSTRAINT_NAME                C                 
------------------------------ ------------------------------ -                 
TABLE_NAME                                                                      
------------------------------                                                  
SEARCH_CONDITION                                                                
--------------------------------------------------------------------------------
R_OWNER                        R_CONSTRAINT_NAME              DELETE_RU STATUS  
------------------------------ ------------------------------ --------- --------
DEFERRABLE     DEFERRED  VALIDATED     GENERATED      BAD RELY LAST_CHAN        
-------------- --------- ------------- -------------- --- ---- ---------        
INDEX_OWNER                    INDEX_NAME                     INVALID           
------------------------------ ------------------------------ -------           
VIEW_RELATED                                                                    
--------------                                                                  
                                                                                

OWNER                          CONSTRAINT_NAME                C                 
------------------------------ ------------------------------ -                 
TABLE_NAME                                                                      
------------------------------                                                  
SEARCH_CONDITION                                                                
--------------------------------------------------------------------------------
R_OWNER                        R_CONSTRAINT_NAME              DELETE_RU STATUS  
------------------------------ ------------------------------ --------- --------
DEFERRABLE     DEFERRED  VALIDATED     GENERATED      BAD RELY LAST_CHAN        
-------------- --------- ------------- -------------- --- ---- ---------        
INDEX_OWNER                    INDEX_NAME                     INVALID           
------------------------------ ------------------------------ -------           
VIEW_RELATED                                                                    
--------------                                                                  
                                                                        ENABLED 

OWNER                          CONSTRAINT_NAME                C                 
------------------------------ ------------------------------ -                 
TABLE_NAME                                                                      
------------------------------                                                  
SEARCH_CONDITION                                                                
--------------------------------------------------------------------------------
R_OWNER                        R_CONSTRAINT_NAME              DELETE_RU STATUS  
------------------------------ ------------------------------ --------- --------
DEFERRABLE     DEFERRED  VALIDATED     GENERATED      BAD RELY LAST_CHAN        
-------------- --------- ------------- -------------- --- ---- ---------        
INDEX_OWNER                    INDEX_NAME                     INVALID           
------------------------------ ------------------------------ -------           
VIEW_RELATED                                                                    
--------------                                                                  
NOT DEFERRABLE IMMEDIATE NOT VALIDATED USER NAME               30-SEP-11        

OWNER                          CONSTRAINT_NAME                C                 
------------------------------ ------------------------------ -                 
TABLE_NAME                                                                      
------------------------------                                                  
SEARCH_CONDITION                                                                
--------------------------------------------------------------------------------
R_OWNER                        R_CONSTRAINT_NAME              DELETE_RU STATUS  
------------------------------ ------------------------------ --------- --------
DEFERRABLE     DEFERRED  VALIDATED     GENERATED      BAD RELY LAST_CHAN        
-------------- --------- ------------- -------------- --- ---- ---------        
INDEX_OWNER                    INDEX_NAME                     INVALID           
------------------------------ ------------------------------ -------           
VIEW_RELATED                                                                    
--------------                                                                  
                                                                                

OWNER                          CONSTRAINT_NAME                C                 
------------------------------ ------------------------------ -                 
TABLE_NAME                                                                      
------------------------------                                                  
SEARCH_CONDITION                                                                
--------------------------------------------------------------------------------
R_OWNER                        R_CONSTRAINT_NAME              DELETE_RU STATUS  
------------------------------ ------------------------------ --------- --------
DEFERRABLE     DEFERRED  VALIDATED     GENERATED      BAD RELY LAST_CHAN        
-------------- --------- ------------- -------------- --- ---- ---------        
INDEX_OWNER                    INDEX_NAME                     INVALID           
------------------------------ ------------------------------ -------           
VIEW_RELATED                                                                    
--------------                                                                  
                                                                                

OWNER                          CONSTRAINT_NAME                C                 
------------------------------ ------------------------------ -                 
TABLE_NAME                                                                      
------------------------------                                                  
SEARCH_CONDITION                                                                
--------------------------------------------------------------------------------
R_OWNER                        R_CONSTRAINT_NAME              DELETE_RU STATUS  
------------------------------ ------------------------------ --------- --------
DEFERRABLE     DEFERRED  VALIDATED     GENERATED      BAD RELY LAST_CHAN        
-------------- --------- ------------- -------------- --- ---- ---------        
INDEX_OWNER                    INDEX_NAME                     INVALID           
------------------------------ ------------------------------ -------           
VIEW_RELATED                                                                    
--------------                                                                  
                                                                                

OWNER                          CONSTRAINT_NAME                C                 
------------------------------ ------------------------------ -                 
TABLE_NAME                                                                      
------------------------------                                                  
SEARCH_CONDITION                                                                
--------------------------------------------------------------------------------
R_OWNER                        R_CONSTRAINT_NAME              DELETE_RU STATUS  
------------------------------ ------------------------------ --------- --------
DEFERRABLE     DEFERRED  VALIDATED     GENERATED      BAD RELY LAST_CHAN        
-------------- --------- ------------- -------------- --- ---- ---------        
INDEX_OWNER                    INDEX_NAME                     INVALID           
------------------------------ ------------------------------ -------           
VIEW_RELATED                                                                    
--------------                                                                  
SCOTT                          V_EMP_2_CHO                    V                 

OWNER                          CONSTRAINT_NAME                C                 
------------------------------ ------------------------------ -                 
TABLE_NAME                                                                      
------------------------------                                                  
SEARCH_CONDITION                                                                
--------------------------------------------------------------------------------
R_OWNER                        R_CONSTRAINT_NAME              DELETE_RU STATUS  
------------------------------ ------------------------------ --------- --------
DEFERRABLE     DEFERRED  VALIDATED     GENERATED      BAD RELY LAST_CHAN        
-------------- --------- ------------- -------------- --- ---- ---------        
INDEX_OWNER                    INDEX_NAME                     INVALID           
------------------------------ ------------------------------ -------           
VIEW_RELATED                                                                    
--------------                                                                  
V_EMP_2                                                                         

OWNER                          CONSTRAINT_NAME                C                 
------------------------------ ------------------------------ -                 
TABLE_NAME                                                                      
------------------------------                                                  
SEARCH_CONDITION                                                                
--------------------------------------------------------------------------------
R_OWNER                        R_CONSTRAINT_NAME              DELETE_RU STATUS  
------------------------------ ------------------------------ --------- --------
DEFERRABLE     DEFERRED  VALIDATED     GENERATED      BAD RELY LAST_CHAN        
-------------- --------- ------------- -------------- --- ---- ---------        
INDEX_OWNER                    INDEX_NAME                     INVALID           
------------------------------ ------------------------------ -------           
VIEW_RELATED                                                                    
--------------                                                                  
                                                                                

OWNER                          CONSTRAINT_NAME                C                 
------------------------------ ------------------------------ -                 
TABLE_NAME                                                                      
------------------------------                                                  
SEARCH_CONDITION                                                                
--------------------------------------------------------------------------------
R_OWNER                        R_CONSTRAINT_NAME              DELETE_RU STATUS  
------------------------------ ------------------------------ --------- --------
DEFERRABLE     DEFERRED  VALIDATED     GENERATED      BAD RELY LAST_CHAN        
-------------- --------- ------------- -------------- --- ---- ---------        
INDEX_OWNER                    INDEX_NAME                     INVALID           
------------------------------ ------------------------------ -------           
VIEW_RELATED                                                                    
--------------                                                                  
                                                                        ENABLED 

OWNER                          CONSTRAINT_NAME                C                 
------------------------------ ------------------------------ -                 
TABLE_NAME                                                                      
------------------------------                                                  
SEARCH_CONDITION                                                                
--------------------------------------------------------------------------------
R_OWNER                        R_CONSTRAINT_NAME              DELETE_RU STATUS  
------------------------------ ------------------------------ --------- --------
DEFERRABLE     DEFERRED  VALIDATED     GENERATED      BAD RELY LAST_CHAN        
-------------- --------- ------------- -------------- --- ---- ---------        
INDEX_OWNER                    INDEX_NAME                     INVALID           
------------------------------ ------------------------------ -------           
VIEW_RELATED                                                                    
--------------                                                                  
NOT DEFERRABLE IMMEDIATE NOT VALIDATED USER NAME               30-SEP-11        

OWNER                          CONSTRAINT_NAME                C                 
------------------------------ ------------------------------ -                 
TABLE_NAME                                                                      
------------------------------                                                  
SEARCH_CONDITION                                                                
--------------------------------------------------------------------------------
R_OWNER                        R_CONSTRAINT_NAME              DELETE_RU STATUS  
------------------------------ ------------------------------ --------- --------
DEFERRABLE     DEFERRED  VALIDATED     GENERATED      BAD RELY LAST_CHAN        
-------------- --------- ------------- -------------- --- ---- ---------        
INDEX_OWNER                    INDEX_NAME                     INVALID           
------------------------------ ------------------------------ -------           
VIEW_RELATED                                                                    
--------------                                                                  
                                                                                

OWNER                          CONSTRAINT_NAME                C                 
------------------------------ ------------------------------ -                 
TABLE_NAME                                                                      
------------------------------                                                  
SEARCH_CONDITION                                                                
--------------------------------------------------------------------------------
R_OWNER                        R_CONSTRAINT_NAME              DELETE_RU STATUS  
------------------------------ ------------------------------ --------- --------
DEFERRABLE     DEFERRED  VALIDATED     GENERATED      BAD RELY LAST_CHAN        
-------------- --------- ------------- -------------- --- ---- ---------        
INDEX_OWNER                    INDEX_NAME                     INVALID           
------------------------------ ------------------------------ -------           
VIEW_RELATED                                                                    
--------------                                                                  
                                                                                

OWNER                          CONSTRAINT_NAME                C                 
------------------------------ ------------------------------ -                 
TABLE_NAME                                                                      
------------------------------                                                  
SEARCH_CONDITION                                                                
--------------------------------------------------------------------------------
R_OWNER                        R_CONSTRAINT_NAME              DELETE_RU STATUS  
------------------------------ ------------------------------ --------- --------
DEFERRABLE     DEFERRED  VALIDATED     GENERATED      BAD RELY LAST_CHAN        
-------------- --------- ------------- -------------- --- ---- ---------        
INDEX_OWNER                    INDEX_NAME                     INVALID           
------------------------------ ------------------------------ -------           
VIEW_RELATED                                                                    
--------------                                                                  
                                                                                

